// Jest Snapshot v1, https://goo.gl/fbAQLP

exports[`renders card 1`] = `
<header>
  <img
    alt="logo"
    src={
      Object {
        "blurDataURL": "data:image/png;base64,imagedata",
        "height": 24,
        "src": "/img.jpg",
        "width": 24,
      }
    }
  />
  <div
    className="toggle-button"
    href="#"
    onClick={[Function]}
  >
    <span
      className="bar"
    />
    <span
      className="bar"
    />
    <span
      className="bar"
    />
  </div>
</header>
`;
